src/components/admin/PerformanceMetrics.tsx(4,1): error TS6133: 'dayjs' is declared but its value is never read.
src/components/tickets/TicketList.tsx(5,63): error TS6133: 'ListTree' is declared but its value is never read.
src/pages/shared/Messages.tsx(4,1): error TS6192: All imports in import declaration are unused.
