npm error A complete log of this run can be found in: C:\Users\senku\AppData\Local\npm-cache\_logs\2026-03-12T16_08_29_186Z-debug-0.log
